// 重构日志: c631c298
// 重构日志: ad27698b
// 重构日志: 2287ea92
// 同步 ID: edb4406e @ Tue Jul 28 08:09:10 UTC 2026
// 重构日志: 0e2fc456
// 重构日志: 901be475
// 重构日志: 0ed4a566
// 同步 ID: 99742954 @ Thu Jul 30 07:34:50 UTC 2026
// 同步 ID: 356627cf @ Fri Jul 31 01:36:14 UTC 2026
// 重构日志: de70404e
// 重构日志: 1d575d1f
// 同步 ID: 8c1eebcc @ Fri Jul 31 16:23:59 UTC 2026
// 同步 ID: eb7d1225 @ Sat Aug  1 08:34:12 UTC 2026
// 重构日志: 6c627640
// 重构日志: eff7ae5e
// 重构日志: 9a5bc79e
// 同步 ID: 47e56137 @ Sun Aug  2 05:09:31 UTC 2026
// 重构日志: e46f9f57
// 重构日志: 45a31ee9
// 重构日志: b6f0b535
// 重构日志: 908f4b4d
// 重构日志: bd207d0d
// 同步 ID: abaef237 @ Tue Aug  4 04:18:03 UTC 2026
// 重构日志: 1ee73b08
// 同步 ID: 024885e4 @ Tue Aug  4 15:44:30 UTC 2026
// 同步 ID: 9a4eaa65 @ Wed Aug  5 12:54:51 UTC 2026
// 重构日志: c36b7281
// 重构日志: ea113dbb
// 重构日志: 48747f04
// 同步 ID: 30cfa56c @ Sat Aug  8 04:32:27 UTC 2026
// 重构日志: 035b1138
